MAP_START
......................................................................................................................................
......................................................................................................................................
......................................................................................................................................
......................................................................................................................................
......................................................................................................................................
......................................................................................................................................
......................................................................................................................................
......................................................................................................................................
......................................................................................................................................
......................................................................................................................................
......................................................................................................................................
......................................................................................................................................
......................................................................................................................................
..........................dd................................................................................dd........................
...............pppppppppppppppppppppppppppppppppppppppppppppppppppppppppppppppppppppppppppppppppppppppppppppppppp.....................
......................................................................................................................................
......................................................................................................................................
.........d.d....................................................................d..............b..............g.......................
ppppppppppppppppppppppppppppppppppppp....................................ppppppppppppppppppppppppppppppppppppppppppppppppppppppppppppp
......................................................................................................................................
......................................................................................................................................
......................................................................................................................................
......................................................................................................................................
......................................................................................................................................
...........................................g..........................................................................................
..............ppppppppppppppppppppppppppppppppppppp...................................................................................
......................................................................................................................................
......................................................................................................................................
......................................................................................................................................
......................................................................................................................................
..............................ppppppppppppppppppppppppppppppppppppppppp...............................................................
......................................................................................................................................
......................................................................................................................................
......................................................................................................................................
......................................................................................................................................
.......s...........................b...............d.......................b............d..................b....................b.....
wwwwwwwwwwwwwwwwwwwwwwwwwwwwwwwwwwwwwwwwwwwwwwwwwwwwwwwwwwwwwwwwwwwwwwwwwwwwwwwwwwwwwwwwwwwwwwwwwwwwwwwwwwwwwwwwwwwwwwwwwwwwwwwwwwwwww
oooooooooooooooooooooooooooooooooooooooooooooooooooooooooooooooooooooooooooooooooooooooooooooooooooooooooooooooooooooooooooooooooooooo

MAP_END


metadata {

    .: {
        tiles: nil,
        passable:nil,
        collectable:nil,
        other: is_background=true,color=#3d1f4c
    }

    w: {
        tiles:[

            assets/tiles/ground_blood1.png,
            assets/tiles/ground_blood3.png,
            assets/tiles/ground_blood1.png,
            assets/tiles/ground.png
        ],
        passable:false,
        collectable:false,
        other: nil

    }

        o: {
        tiles:[

            assets/tiles/ground.png
        ],
        passable:false,
        collectable:false,
        other: nil

    }


            p: {
        tiles:assets/tiles/ground.png,
          passable:false,
        collectable:false,
        other: nil

    }
          s: {
  tiles:nil
    passable:nil,
  collectable:nil,
  other: spawn_point=player
  }

    b: {
  tiles:nil
    passable:nil,
  collectable:nil,
  other: spawn_point=enemy_fireball
      }

      g: {
  tiles:nil
    passable:nil,
  collectable:nil,
  other: spawn_point=enemy_flamewarden
      }
            d: {
  tiles:nil
    passable:nil,
  collectable:nil,
  other: spawn_point=enemy_devil
                }

}