MAP_START
..................................................................................................
..................................................................................................
..................................................................................................
..................................................................................................
..................................................................................................
..................................................................................................
..................................................................................................
..................................................................................................
..................................................................................................
..................................................................................................
....................................................s.............................................
.................................................pppppppppp.......................................
.............................d...g..................................d..........d..................
........................LpppppppppppppppppppppppppppR........Lppppppppppppppppppppppppp...........
..................................................................................................
..................................................................................................
....................................................g.............................................
..........................................pppppppppppppppppppR....................................
....................................................................LppppppppppppppR..............
..................................................................................................
..........................g...................d..d...................d............................
...................LpppppppppppppppppppppppppppppppppppppppppppppppppppppppR......................
..................................................................................................
............d..........g..........................................................................
....Lpppppppppppppppppppp..................................b............d...d.....................
.........................................................ppppppppppppppppppppppR..................
..................................................................................................
..................................................................................................
..................................................................................................
............................d.....................................................................
...................LppppppppppR...................................................................
..................................................................................................
...b........g..................g...............d.......................b............d.........*...
wwwwwwwwwwwwwwwwwwwwwwwwwwwwwwwwwwwwwwwwwwwwwwwwwwwwwwwwwwwwwwwwwwwwwwwwwwwwwwwwwwwwwwwwwwwwwwwwww
oooooooooooooooooooooooooooooooooooooooooooooooooooooooooooooooooooooooooooooooooooooooooooooooooo
oooooooooooooooooooooooooooooooooooooooooooooooooooooooooooooooooooooooooooooooooooooooooooooooooo
oooooooooooooooooooooooooooooooooooooooooooooooooooooooooooooooooooooooooooooooooooooooooooooooooo
MAP_END


metadata {

    .: {
        tiles: nil,
        passable:nil,
        collectable:nil,
        other: is_background=true,color=#3d1f4c
    }

    w: {
        tiles:[

            assets/tiles/ground_blood1.png,
            assets/tiles/ground_blood3.png,
            assets/tiles/ground_blood2.png,
            assets/tiles/ground_blood4.png
            assets/tiles/ground.png
        ],
        passable:false,
        collectable:false,
        other: nil

    }


        o: {
        tiles:[

            assets/tiles/ground.png
        ],
        passable:false,
        collectable:false,
        other: nil

    }


   L: {
        tiles:[

            assets/tiles/platform_left_edge.png
        ],
        passable:false,
        collectable:false,
        other: nil

    }

       R: {
        tiles:[

            assets/tiles/platform_right_edge.png
        ],
        passable:false,
        collectable:false,
        other: nil

    }


            p: {
        tiles:[
          assets/tiles/ground.png,
          assets/tiles/platform_crackedbottom1.png,
          assets/tiles/platform_mossybottom1.png,
          assets/tiles/platform_mossybottom2.png,
          assets/tiles/platform_mossybottom3.png,
          assets/tiles/platform_mossybottom4.png,
          assets/tiles/platform_mossybottom5.png,
          assets/tiles/platform_mossybottom6.png
          ],
          passable:false,
        collectable:false,
        other: nil

    }

          s: {
  tiles:nil
    passable:nil,
  collectable:nil,
  other: spawn_point=player
  }

    b: {
  tiles:nil
    passable:nil,
  collectable:nil,
  other: spawn_point=enemy_fireball
      }

      g: {
  tiles:nil
    passable:nil,
  collectable:nil,
  other: spawn_point=enemy_flamewarden
      }
            d: {
  tiles:nil
    passable:nil,
  collectable:nil,
  other: spawn_point=enemy_devil
                }
           *: {
  tiles:nil
    passable:nil,
  collectable:nil,
  other: spawn_point=door_opens, transport_to=level4.map
                }

}